## overview numeric+role+spark
      3 <polyline
      1 <td>2</td>
      1 <td>3</td>
      1 <td>SINGLE</td>
      1 1.0.0-dev
## keys rows+total
      1 <span>3</span>
      1 <td>latch</td>
      1 <td>semaphore</td>
      2 gate:boot
      2 order:1
      2 pool:db
## key-detail order:1 (writer + queue + no leader-only)
      1 等待队列
      1 剩余租约
      1 writer
leader_only_count(expect 0):
0
## semaphore detail pool
可用许可 1/3
## latch detail
屏障计数 2/2
## sessions
      1 接入会话
## nodes
      1 单机部署
      1 SINGLE
## wrong-token console (9414)
管理认证失败
wrong_token_leak_count(0 expected):
0
bad HTTP status:
200