WARNING: A terminally deprecated method in sun.misc.Unsafe has been called
WARNING: sun.misc.Unsafe::allocateMemory has been called by io.netty.util.internal.PlatformDependent0$2 (file:/home/lam/repo/io/netty/netty-common/4.1.137.Final/netty-common-4.1.137.Final.jar)
WARNING: Please consider reporting this to the maintainers of class io.netty.util.internal.PlatformDependent0$2
WARNING: sun.misc.Unsafe::allocateMemory will be removed in a future release
seed ready: order:1 held+1 waiter, pool:db 2/3 +1 waiter, gate:boot 2 +1 awaiter; press Ctrl-C to stop
Exception in thread "waiter-gate" io.github.lamspace.openlatch.client.LockAcquisitionTimeoutException: await of latch 'gate:boot' timed out
	at io.github.lamspace.openlatch.client.RemoteCountDownLatch.await(RemoteCountDownLatch.java:80)
	at SeedT3.lambda$main$2(SeedT3.java:45)
	at java.base/java.lang.Thread.run(Thread.java:1474)
Exception in thread "waiter-order" io.github.lamspace.openlatch.client.LockAcquisitionTimeoutException: lock() timed out for 'order:1'
	at io.github.lamspace.openlatch.client.RemoteLock.lock(RemoteLock.java:89)
	at SeedT3.lambda$main$0(SeedT3.java:28)
	at java.base/java.lang.Thread.run(Thread.java:1474)
Exception in thread "waiter-sem" io.github.lamspace.openlatch.client.LockAcquisitionTimeoutException: acquire of 'pool:db' timed out
	at io.github.lamspace.openlatch.client.internal.AwaitTracker.onTotalTimeout(AwaitTracker.java:525)
	at io.github.lamspace.openlatch.client.internal.AwaitTracker.lambda$startAcquire$0(AwaitTracker.java:217)
	at io.netty.util.HashedWheelTimer$HashedWheelTimeout.run(HashedWheelTimer.java:713)
	at io.netty.util.concurrent.ImmediateExecutor.execute(ImmediateExecutor.java:34)
	at io.netty.util.HashedWheelTimer$HashedWheelTimeout.expire(HashedWheelTimer.java:701)
	at io.netty.util.HashedWheelTimer$HashedWheelBucket.expireTimeouts(HashedWheelTimer.java:787)
	at io.netty.util.HashedWheelTimer$Worker.run(HashedWheelTimer.java:501)
	at java.base/java.lang.Thread.run(Thread.java:1474)
